Archive member included because of file (symbol)

c:/dave-3.1.10/arm-gcc/bin/../lib/gcc/arm-none-eabi/4.7.4/../../../../arm-none-eabi/lib/armv7e-m\libg.a(lib_a-init.o)
                              Startup/startup_XMC4500.o (__libc_init_array)
c:/dave-3.1.10/arm-gcc/bin/../lib/gcc/arm-none-eabi/4.7.4/../../../../arm-none-eabi/lib/armv7e-m\libg.a(lib_a-malloc.o)
                              BluetoothDriver.o (malloc)
c:/dave-3.1.10/arm-gcc/bin/../lib/gcc/arm-none-eabi/4.7.4/../../../../arm-none-eabi/lib/armv7e-m\libg.a(lib_a-mallocr.o)
                              c:/dave-3.1.10/arm-gcc/bin/../lib/gcc/arm-none-eabi/4.7.4/../../../../arm-none-eabi/lib/armv7e-m\libg.a(lib_a-malloc.o) (_malloc_r)
c:/dave-3.1.10/arm-gcc/bin/../lib/gcc/arm-none-eabi/4.7.4/../../../../arm-none-eabi/lib/armv7e-m\libg.a(lib_a-memcpy.o)
                              BluetoothDriver.o (memcpy)
c:/dave-3.1.10/arm-gcc/bin/../lib/gcc/arm-none-eabi/4.7.4/../../../../arm-none-eabi/lib/armv7e-m\libg.a(lib_a-mlock.o)
                              c:/dave-3.1.10/arm-gcc/bin/../lib/gcc/arm-none-eabi/4.7.4/../../../../arm-none-eabi/lib/armv7e-m\libg.a(lib_a-mallocr.o) (__malloc_lock)
c:/dave-3.1.10/arm-gcc/bin/../lib/gcc/arm-none-eabi/4.7.4/../../../../arm-none-eabi/lib/armv7e-m\libg.a(lib_a-sbrkr.o)
                              c:/dave-3.1.10/arm-gcc/bin/../lib/gcc/arm-none-eabi/4.7.4/../../../../arm-none-eabi/lib/armv7e-m\libg.a(lib_a-mallocr.o) (_sbrk_r)
c:/dave-3.1.10/arm-gcc/bin/../lib/gcc/arm-none-eabi/4.7.4/../../../../arm-none-eabi/lib/armv7e-m\libg.a(lib_a-strchr.o)
                              BluetoothDriver.o (strchr)
c:/dave-3.1.10/arm-gcc/bin/../lib/gcc/arm-none-eabi/4.7.4/../../../../arm-none-eabi/lib/armv7e-m\libg.a(lib_a-strcmp.o)
                              BluetoothDriver.o (strcmp)
c:/dave-3.1.10/arm-gcc/bin/../lib/gcc/arm-none-eabi/4.7.4/../../../../arm-none-eabi/lib/armv7e-m\libg.a(lib_a-strlen.o)
                              BluetoothDriver.o (strlen)
c:/dave-3.1.10/arm-gcc/bin/../lib/gcc/arm-none-eabi/4.7.4/../../../../arm-none-eabi/lib/armv7e-m\libg.a(lib_a-strstr.o)
                              BluetoothDriver.o (strstr)
c:/dave-3.1.10/arm-gcc/bin/../lib/gcc/arm-none-eabi/4.7.4/../../../../arm-none-eabi/lib/armv7e-m\libg.a(lib_a-freer.o)
                              c:/dave-3.1.10/arm-gcc/bin/../lib/gcc/arm-none-eabi/4.7.4/../../../../arm-none-eabi/lib/armv7e-m\libg.a(lib_a-malloc.o) (_free_r)
c:/dave-3.1.10/arm-gcc/bin/../lib/gcc/arm-none-eabi/4.7.4/../../../../arm-none-eabi/lib/armv7e-m\libg.a(lib_a-impure.o)
                              c:/dave-3.1.10/arm-gcc/bin/../lib/gcc/arm-none-eabi/4.7.4/../../../../arm-none-eabi/lib/armv7e-m\libg.a(lib_a-malloc.o) (_impure_ptr)
c:/dave-3.1.10/arm-gcc/bin/../lib/gcc/arm-none-eabi/4.7.4/../../../../arm-none-eabi/lib/armv7e-m\libg.a(lib_a-memchr.o)
                              c:/dave-3.1.10/arm-gcc/bin/../lib/gcc/arm-none-eabi/4.7.4/../../../../arm-none-eabi/lib/armv7e-m\libg.a(lib_a-strstr.o) (memchr)
c:/dave-3.1.10/arm-gcc/bin/../lib/gcc/arm-none-eabi/4.7.4/../../../../arm-none-eabi/lib/armv7e-m\libg.a(lib_a-memcmp.o)
                              c:/dave-3.1.10/arm-gcc/bin/../lib/gcc/arm-none-eabi/4.7.4/../../../../arm-none-eabi/lib/armv7e-m\libg.a(lib_a-strstr.o) (memcmp)
c:/dave-3.1.10/arm-gcc/bin/../lib/gcc/arm-none-eabi/4.7.4/../../../../arm-none-eabi/lib/armv7e-m\libg.a(lib_a-reent.o)
                              c:/dave-3.1.10/arm-gcc/bin/../lib/gcc/arm-none-eabi/4.7.4/../../../../arm-none-eabi/lib/armv7e-m\libg.a(lib_a-sbrkr.o) (errno)

Allocating common symbols
Common symbol       size              file

initCommandsAnswer  0x3c0             BluetoothDriver.o
TimerTbl            0x400             Dave/Generated/src/SYSTM001/SYSTM001.o
errno               0x4               c:/dave-3.1.10/arm-gcc/bin/../lib/gcc/arm-none-eabi/4.7.4/../../../../arm-none-eabi/lib/armv7e-m\libg.a(lib_a-reent.o)

Discarded input sections

 .group         0x00000000        0x8 BluetoothDriver.o
 .group         0x00000000        0x8 BluetoothDriver.o
 .group         0x00000000        0x8 BluetoothDriver.o
 .group         0x00000000        0x8 BluetoothDriver.o
 .group         0x00000000        0x8 BluetoothDriver.o
 .group         0x00000000        0x8 BluetoothDriver.o
 .group         0x00000000        0x8 BluetoothDriver.o
 .group         0x00000000        0x8 BluetoothDriver.o
 .group         0x00000000        0x8 BluetoothDriver.o
 .group         0x00000000        0x8 BluetoothDriver.o
 .group         0x00000000        0x8 BluetoothDriver.o
 .group         0x00000000        0x8 BluetoothDriver.o
 .group         0x00000000        0x8 BluetoothDriver.o
 .group         0x00000000        0x8 BluetoothDriver.o
 .group         0x00000000        0x8 BluetoothDriver.o
 .group         0x00000000        0x8 BluetoothDriver.o
 .group         0x00000000        0x8 BluetoothDriver.o
 .group         0x00000000        0x8 BluetoothDriver.o
[...]
Memory Configuration

Name             Origin             Length             Attributes
FLASH_1_cached   0x08000000         0x00100000         xr
FLASH_1_uncached 0x0c000000         0x00100000         xr
PSRAM_1          0x10000000         0x00010000         !xr
DSRAM_1_system   0x20000000         0x00010000         !xr
DSRAM_2_comm     0x30000000         0x00008000         !xr
*default*        0x00000000         0xffffffff

Linker script and memory map

LOAD BluetoothDriver.o
LOAD Main.o
LOAD timerFunctions.o
LOAD Startup/startup_XMC4500.o
LOAD Startup/system_XMC4500.o
LOAD Lib/System_LibcStubs.o
LOAD Dave/Generated/src/UART001/UART001.o
LOAD Dave/Generated/src/UART001/UART001_Conf.o
LOAD Dave/Generated/src/SYSTM001/SYSTM001.o
LOAD Dave/Generated/src/RESET001/RESET001.o
LOAD Dave/Generated/src/LIBS/CCU8PWMLIB.o
LOAD Dave/Generated/src/LIBS/MOTORLIB.o
LOAD Dave/Generated/src/IO004/IO004.o
LOAD Dave/Generated/src/IO004/IO004_Conf.o
LOAD Dave/Generated/src/DAVESupport/DAVE3.o
LOAD Dave/Generated/src/DAVESupport/MULTIPLEXER.o
LOAD Dave/Generated/src/CLK001/CLK001.o
START GROUP
LOAD c:/dave-3.1.10/arm-gcc/bin/../lib/gcc/arm-none-eabi/4.7.4/armv7e-m\libgcc.a
LOAD c:/dave-3.1.10/arm-gcc/bin/../lib/gcc/arm-none-eabi/4.7.4/../../../../arm-none-eabi/lib/armv7e-m\libg.a
LOAD c:/dave-3.1.10/arm-gcc/bin/../lib/gcc/arm-none-eabi/4.7.4/../../../../arm-none-eabi/lib/armv7e-m\libc.a
END GROUP
                0x00000800                stack_size = 0x800

.text           0x08000000     0x4f3c load address 0x0c000000
                0x08000000                sText = .
 *(.Xmc4500.reset)
 .Xmc4500.reset
                0x08000000      0x21c Startup/startup_XMC4500.o
                0x08000000                __Xmc4500_interrupt_vector_cortex_m
                0x08000200                __Xmc4500_reset_cortex_m
 *(.Xmc4500.postreset)
 .Xmc4500.postreset
                0x0800021c       0xa8 Startup/startup_XMC4500.o
 *(.XmcStartup)
 .XmcStartup    0x080002c4        0x4 Startup/startup_XMC4500.o
 *(.text .text.* .gnu.linkonce.t.*)
 .text          0x080002c8        0x0 BluetoothDriver.o
 .text.resetConnection
                0x080002c8       0x10 BluetoothDriver.o
                0x080002c8                resetConnection
 .text.checkErrorOccurence
                0x080002d8       0x70 BluetoothDriver.o
                0x080002d8                checkErrorOccurence
 .text.manageConnection
                0x08000348       0x7c BluetoothDriver.o
                0x08000348                manageConnection
 .text.copyCheckAnswers
                0x080003c4       0xdc BluetoothDriver.o
                0x080003c4                copyCheckAnswers
 .text.copyCommands
                0x080004a0       0xec BluetoothDriver.o
                0x080004a0                copyCommands
 .text.getStatusMainTimer
                0x0800058c       0x18 BluetoothDriver.o
                0x0800058c                getStatusMainTimer
 .text.setStatusMainTimer
                0x080005a4       0x20 BluetoothDriver.o
                0x080005a4                setStatusMainTimer
 .text.removeMainTimer
                0x080005c4       0x34 BluetoothDriver.o
                0x080005c4                removeMainTimer
 .text.removeReceiveTimer
                0x080005f8       0x34 BluetoothDriver.o
                0x080005f8                removeReceiveTimer
 .text.createMainTimer
                0x0800062c       0x4c BluetoothDriver.o
                0x0800062c                createMainTimer
 .text.createReceiveTimer
                0x08000678       0x3c BluetoothDriver.o
                0x08000678                createReceiveTimer
 .text.timerHandlerInitBluetooth
                0x080006b4      0x140 BluetoothDriver.o
                0x080006b4                timerHandlerInitBluetooth
 .text.timerHandlerInitBluetoothReceive
                0x080007f4       0xb8 BluetoothDriver.o
                0x080007f4                timerHandlerInitBluetoothReceive
 .text.RxTimerHandler
                0x080008ac       0x30 BluetoothDriver.o
                0x080008ac                RxTimerHandler
 .text.initBluetooth
                0x080008dc       0x18 BluetoothDriver.o
                0x080008dc                initBluetooth
 .text.send     0x080008f4       0xd0 BluetoothDriver.o
                0x080008f4                send
 .text.read     0x080009c4       0xec BluetoothDriver.o
                0x080009c4                read
 .text.askAboutSending
                0x08000ab0       0x28 BluetoothDriver.o
                0x08000ab0                askAboutSending
 .text.stopAskingAboutSending
                0x08000ad8       0x28 BluetoothDriver.o
                0x08000ad8                stopAskingAboutSending
 .text.statusRtsFlowControl
                0x08000b00       0x2c BluetoothDriver.o
                0x08000b00                statusRtsFlowControl
 .text.checkStatusCts
                0x08000b2c       0x2c BluetoothDriver.o
                0x08000b2c                checkStatusCts
 .text.checkFunction
                0x08000b58       0x2c BluetoothDriver.o
                0x08000b58                checkFunction
 .text.connectStatus
                0x08000b84       0x2c BluetoothDriver.o
                0x08000b84                connectStatus
 .text.initFlowControl
                0x08000bb0        0xc BluetoothDriver.o
                0x08000bb0                initFlowControl
 .text.delay    0x08000bbc       0x2c BluetoothDriver.o
                0x08000bbc                delay
 .text          0x08000be8        0x0 Main.o
 .text.main     0x08000be8       0x14 Main.o
                0x08000be8                main
 .text          0x08000bfc        0x0 timerFunctions.o
 .text.makeTimer
                0x08000bfc       0x44 timerFunctions.o
                0x08000bfc                makeTimer
 .text.removeTimer
                0x08000c40       0x44 timerFunctions.o
                0x08000c40                removeTimer
 .text          0x08000c84       0xe2 Startup/startup_XMC4500.o
                0x08000c84                NMI_Handler
                0x08000c86                HardFault_Handler
                0x08000c88                MemManage_Handler
                0x08000c8a                BusFault_Handler
                0x08000c8c                UsageFault_Handler
                0x08000c8e                SVC_Handler
                0x08000c90                DebugMon_Handler
                0x08000c92                PendSV_Handler
                0x08000c96                SCU_0_IRQHandler
                0x08000c98                ERU0_0_IRQHandler
                0x08000c9a                ERU0_1_IRQHandler
                0x08000c9c                ERU0_2_IRQHandler
                0x08000c9e                ERU0_3_IRQHandler
                0x08000ca0                ERU1_0_IRQHandler
                0x08000ca2                ERU1_1_IRQHandler
                0x08000ca4                ERU1_2_IRQHandler
                0x08000ca6                ERU1_3_IRQHandler
                0x08000ca8                PMU0_0_IRQHandler
                0x08000caa                VADC0_C0_0_IRQHandler
                0x08000cac                VADC0_C0_1_IRQHandler
                0x08000cae                VADC0_C0_2_IRQHandler
                0x08000cb0                VADC0_C0_3_IRQHandler
                0x08000cb2                VADC0_G0_0_IRQHandler
                0x08000cb4                VADC0_G0_1_IRQHandler
                0x08000cb6                VADC0_G0_2_IRQHandler
                0x08000cb8                VADC0_G0_3_IRQHandler
                0x08000cba                VADC0_G1_0_IRQHandler
                0x08000cbc                VADC0_G1_1_IRQHandler
                0x08000cbe                VADC0_G1_2_IRQHandler
                0x08000cc0                VADC0_G1_3_IRQHandler
                0x08000cc2                VADC0_G2_0_IRQHandler
                0x08000cc4                VADC0_G2_1_IRQHandler
                0x08000cc6                VADC0_G2_2_IRQHandler
                0x08000cc8                VADC0_G2_3_IRQHandler
                0x08000cca                VADC0_G3_0_IRQHandler
                0x08000ccc                VADC0_G3_1_IRQHandler
                0x08000cce                VADC0_G3_2_IRQHandler
                0x08000cd0                VADC0_G3_3_IRQHandler
                0x08000cd2                DSD0_0_IRQHandler
                0x08000cd4                DSD0_1_IRQHandler
                0x08000cd6                DSD0_2_IRQHandler
                0x08000cd8                DSD0_3_IRQHandler
                0x08000cda                DSD0_4_IRQHandler
                0x08000cdc                DSD0_5_IRQHandler
                0x08000cde                DSD0_6_IRQHandler
                0x08000ce0                DSD0_7_IRQHandler
                0x08000ce2                DAC0_0_IRQHandler
                0x08000ce4                DAC0_1_IRQHandler
                0x08000ce6                CCU40_0_IRQHandler
                0x08000ce8                CCU40_1_IRQHandler
                0x08000cea                CCU40_2_IRQHandler
                0x08000cec                CCU40_3_IRQHandler
                0x08000cee                CCU41_0_IRQHandler
                0x08000cf0                CCU41_1_IRQHandler
                0x08000cf2                CCU41_2_IRQHandler
                0x08000cf4                CCU41_3_IRQHandler
                0x08000cf6                CCU42_0_IRQHandler
                0x08000cf8                CCU42_1_IRQHandler
                0x08000cfa                CCU42_2_IRQHandler
                0x08000cfc                CCU42_3_IRQHandler
                0x08000cfe                CCU43_0_IRQHandler
                0x08000d00                CCU43_1_IRQHandler
                0x08000d02                CCU43_2_IRQHandler
                0x08000d04                CCU43_3_IRQHandler
                0x08000d06                CCU80_0_IRQHandler
                0x08000d08                CCU80_1_IRQHandler
                0x08000d0a                CCU80_2_IRQHandler
                0x08000d0c                CCU80_3_IRQHandler
                0x08000d0e                CCU81_0_IRQHandler
                0x08000d10                CCU81_1_IRQHandler
                0x08000d12                CCU81_2_IRQHandler
                0x08000d14                CCU81_3_IRQHandler
                0x08000d16                POSIF0_0_IRQHandler
                0x08000d18                POSIF0_1_IRQHandler
                0x08000d1a                POSIF1_0_IRQHandler
                0x08000d1c                POSIF1_1_IRQHandler
                0x08000d1e                CAN0_0_IRQHandler
                0x08000d20                CAN0_1_IRQHandler
                0x08000d22                CAN0_2_IRQHandler
                0x08000d24                CAN0_3_IRQHandler
                0x08000d26                CAN0_4_IRQHandler
                0x08000d28                CAN0_5_IRQHandler
                0x08000d2a                CAN0_6_IRQHandler
                0x08000d2c                CAN0_7_IRQHandler
                0x08000d2e                USIC0_0_IRQHandler
                0x08000d30                USIC0_1_IRQHandler
                0x08000d32                USIC0_2_IRQHandler
                0x08000d34                USIC0_3_IRQHandler
                0x08000d36                USIC0_4_IRQHandler
                0x08000d38                USIC0_5_IRQHandler
                0x08000d3a                USIC1_0_IRQHandler
                0x08000d3c                USIC1_1_IRQHandler
                0x08000d3e                USIC1_2_IRQHandler
                0x08000d40                USIC1_3_IRQHandler
                0x08000d42                USIC1_4_IRQHandler
                0x08000d44                USIC1_5_IRQHandler
                0x08000d46                USIC2_0_IRQHandler
                0x08000d48                USIC2_1_IRQHandler
                0x08000d4a                USIC2_2_IRQHandler
                0x08000d4c                USIC2_3_IRQHandler
                0x08000d4e                USIC2_4_IRQHandler
                0x08000d50                USIC2_5_IRQHandler
                0x08000d52                LEDTS0_0_IRQHandler
                0x08000d54                FCE0_0_IRQHandler
                0x08000d56                GPDMA0_0_IRQHandler
                0x08000d58                SDMMC0_0_IRQHandler
                0x08000d5a                USB0_0_IRQHandler
                0x08000d5c                ETH0_0_IRQHandler
                0x08000d5e                GPDMA1_0_IRQHandler
 .text          0x08000d66        0x0 Startup/system_XMC4500.o
 *fill*         0x08000d66        0x2 00
 .text.SystemInit
                0x08000d68       0x9c Startup/system_XMC4500.o
                0x08000d68                SystemInit
 .text.SystemCoreClockUpdate
                0x08000e04      0x148 Startup/system_XMC4500.o
                0x08000e04                SystemCoreClockUpdate
 .text.SystemClockSetup
                0x08000f4c      0x4cc Startup/system_XMC4500.o
 .text          0x08001418        0x0 Lib/System_LibcStubs.o
 .text._open    0x08001418       0x1c Lib/System_LibcStubs.o
                0x08001418                _open
 .text._lseek   0x08001434       0x1c Lib/System_LibcStubs.o
                0x08001434                _lseek
 .text._read    0x08001450       0x1c Lib/System_LibcStubs.o
                0x08001450                _read
 .text._write   0x0800146c       0x1c Lib/System_LibcStubs.o
                0x0800146c                _write
 .text._close   0x08001488       0x10 Lib/System_LibcStubs.o
                0x08001488                _close
 .text._fstat   0x08001498       0x28 Lib/System_LibcStubs.o
                0x08001498                _fstat
 .text._link    0x080014c0       0x28 Lib/System_LibcStubs.o
                0x080014c0                _link
 .text._unlink  0x080014e8       0x18 Lib/System_LibcStubs.o
                0x080014e8                _unlink
 .text._sbrk    0x08001500       0xa0 Lib/System_LibcStubs.o
                0x08001500                _sbrk
 .text._times   0x080015a0       0x18 Lib/System_LibcStubs.o
                0x080015a0                _times
 .text._wait    0x080015b8       0x18 Lib/System_LibcStubs.o
                0x080015b8                _wait
 .text._kill    0x080015d0       0x1c Lib/System_LibcStubs.o
                0x080015d0                _kill
 .text._fork    0x080015ec       0x10 Lib/System_LibcStubs.o
                0x080015ec                _fork
 .text._getpid  0x080015fc       0x10 Lib/System_LibcStubs.o
                0x080015fc                _getpid
 .text._exit    0x0800160c        0xc Lib/System_LibcStubs.o
                0x0800160c                _exit
 .text._init    0x08001618        0xc Lib/System_LibcStubs.o
                0x08001618                _init
 .text._isatty  0x08001624       0x18 Lib/System_LibcStubs.o
                0x08001624                _isatty
 .text          0x0800163c        0x0 Dave/Generated/src/UART001/UART001.o
 .text.UART001_lInit
                0x0800163c      0x1a8 Dave/Generated/src/UART001/UART001.o
                0x0800163c                UART001_lInit
 .text.UART001_lConfigTXPin
                0x080017e4       0xfc Dave/Generated/src/UART001/UART001.o
                0x080017e4                UART001_lConfigTXPin
 .text.UART001_labsRealType
                0x080018e0       0x38 Dave/Generated/src/UART001/UART001.o
                0x080018e0                UART001_labsRealType
 .text.UART001_lConfigureBaudRate
                0x08001918      0x4e8 Dave/Generated/src/UART001/UART001.o
                0x08001918                UART001_lConfigureBaudRate
 .text.UART001_Init
                0x08001e00       0x6c Dave/Generated/src/UART001/UART001.o
                0x08001e00                UART001_Init
 .text.UART001_DeInit
                0x08001e6c       0x14 Dave/Generated/src/UART001/UART001.o
                0x08001e6c                UART001_DeInit
 .text.UART001_Configure
                0x08001e80      0x114 Dave/Generated/src/UART001/UART001.o
                0x08001e80                UART001_Configure
 .text.UART001_ReadDataMultiple
                0x08001f94       0x80 Dave/Generated/src/UART001/UART001.o
                0x08001f94                UART001_ReadDataMultiple
 .text.UART001_ReadDataBytes
                0x08002014       0x80 Dave/Generated/src/UART001/UART001.o
                0x08002014                UART001_ReadDataBytes
 .text.UART001_WriteDataMultiple
                0x08002094       0x90 Dave/Generated/src/UART001/UART001.o
                0x08002094                UART001_WriteDataMultiple
 .text.UART001_WriteDataBytes
                0x08002124       0x90 Dave/Generated/src/UART001/UART001.o
                0x08002124                UART001_WriteDataBytes
 .text.UART001_GetFlagStatus
                0x080021b4       0x98 Dave/Generated/src/UART001/UART001.o
                0x080021b4                UART001_GetFlagStatus
 .text.UART001_ClearFlag
                0x0800224c       0x78 Dave/Generated/src/UART001/UART001.o
                0x0800224c                UART001_ClearFlag
 .text          0x080022c4        0x0 Dave/Generated/src/UART001/UART001_Conf.o
 .text          0x080022c4        0x0 Dave/Generated/src/SYSTM001/SYSTM001.o
 .text.NVIC_GetPriorityGrouping
                0x080022c4       0x20 Dave/Generated/src/SYSTM001/SYSTM001.o
 .text.NVIC_SetPriority
                0x080022e4       0x5c Dave/Generated/src/SYSTM001/SYSTM001.o
 .text.NVIC_EncodePriority
                0x08002340       0x78 Dave/Generated/src/SYSTM001/SYSTM001.o
 .text.SysTick_Config
                0x080023b8       0x64 Dave/Generated/src/SYSTM001/SYSTM001.o
 .text.SYSTM001_lInsertTimerList
                0x0800241c      0x214 Dave/Generated/src/SYSTM001/SYSTM001.o
 .text.SYSTM001_lRemoveTimerList
                0x08002630       0xd8 Dave/Generated/src/SYSTM001/SYSTM001.o
 .text.SYSTM001_lTimerHandler
                0x08002708       0x94 Dave/Generated/src/SYSTM001/SYSTM001.o
 .text.SysTick_Handler
                0x0800279c       0x5c Dave/Generated/src/SYSTM001/SYSTM001.o
                0x0800279c                SysTick_Handler
 .text.SYSTM001_Init
                0x080027f8       0x64 Dave/Generated/src/SYSTM001/SYSTM001.o
                0x080027f8                SYSTM001_Init
 .text.SYSTM001_CreateTimer
                0x0800285c      0x1a0 Dave/Generated/src/SYSTM001/SYSTM001.o
                0x0800285c                SYSTM001_CreateTimer
 .text.SYSTM001_StartTimer
                0x080029fc       0xb4 Dave/Generated/src/SYSTM001/SYSTM001.o
                0x080029fc                SYSTM001_StartTimer
 .text.SYSTM001_StopTimer
                0x08002ab0       0x90 Dave/Generated/src/SYSTM001/SYSTM001.o
                0x08002ab0                SYSTM001_StopTimer
 .text.SYSTM001_DeleteTimer
                0x08002b40       0x9c Dave/Generated/src/SYSTM001/SYSTM001.o
                0x08002b40                SYSTM001_DeleteTimer
 .text.SYSTM001_GetTime
                0x08002bdc       0x18 Dave/Generated/src/SYSTM001/SYSTM001.o
                0x08002bdc                SYSTM001_GetTime
 .text.SYSTM001_GetSysTickCount
                0x08002bf4       0x28 Dave/Generated/src/SYSTM001/SYSTM001.o
                0x08002bf4                SYSTM001_GetSysTickCount
 .text          0x08002c1c        0x0 Dave/Generated/src/RESET001/RESET001.o
 .text.RESET001_AssertReset
                0x08002c1c       0x54 Dave/Generated/src/RESET001/RESET001.o
                0x08002c1c                RESET001_AssertReset
 .text.RESET001_DeassertReset
                0x08002c70       0x54 Dave/Generated/src/RESET001/RESET001.o
                0x08002c70                RESET001_DeassertReset
 .text.RESET001_GetResetInfo
                0x08002cc4       0x2c Dave/Generated/src/RESET001/RESET001.o
                0x08002cc4                RESET001_GetResetInfo
 .text.RESET001_GetStatus
                0x08002cf0       0x7c Dave/Generated/src/RESET001/RESET001.o
                0x08002cf0                RESET001_GetStatus
 .text.RESET001_ClearResetInfo
                0x08002d6c       0x28 Dave/Generated/src/RESET001/RESET001.o
                0x08002d6c                RESET001_ClearResetInfo
 .text          0x08002d94        0x0 Dave/Generated/src/LIBS/CCU8PWMLIB.o
 .text          0x08002d94        0x0 Dave/Generated/src/LIBS/MOTORLIB.o
 .text          0x08002d94        0x0 Dave/Generated/src/IO004/IO004.o
 .text.IO004_Init
                0x08002d94      0x130 Dave/Generated/src/IO004/IO004.o
                0x08002d94                IO004_Init
 .text.IO004_DisableOutputDriver
                0x08002ec4      0x17c Dave/Generated/src/IO004/IO004.o
                0x08002ec4                IO004_DisableOutputDriver
 .text.IO004_EnableOutputDriver
                0x08003040      0x17c Dave/Generated/src/IO004/IO004.o
                0x08003040                IO004_EnableOutputDriver
 .text          0x080031bc        0x0 Dave/Generated/src/IO004/IO004_Conf.o
 .text          0x080031bc        0x0 Dave/Generated/src/DAVESupport/DAVE3.o
 .text.NVIC_SetPriorityGrouping
                0x080031bc       0x50 Dave/Generated/src/DAVESupport/DAVE3.o
 .text.DAVE_Init
                0x0800320c       0x28 Dave/Generated/src/DAVESupport/DAVE3.o
                0x0800320c                DAVE_Init
 .text.SystemInit_DAVE3
                0x08003234        0xc Dave/Generated/src/DAVESupport/DAVE3.o
                0x08003234                SystemInit_DAVE3
 .text          0x08003240        0x0 Dave/Generated/src/DAVESupport/MULTIPLEXER.o
 .text.DAVE_MUX_Init
                0x08003240       0xf4 Dave/Generated/src/DAVESupport/MULTIPLEXER.o
                0x08003240                DAVE_MUX_Init
 .text.DAVE_MUX_PreInit
                0x08003334        0xc Dave/Generated/src/DAVESupport/MULTIPLEXER.o
                0x08003334                DAVE_MUX_PreInit
 .text          0x08003340        0x0 Dave/Generated/src/CLK001/CLK001.o
 .text.CLK001_Delay
                0x08003340       0x34 Dave/Generated/src/CLK001/CLK001.o
 .text.CLK001_SysClk_Valid
                0x08003374       0x38 Dave/Generated/src/CLK001/CLK001.o
 .text.CLK001_BackupClkTrim
                0x080033ac       0x94 Dave/Generated/src/CLK001/CLK001.o
 .text.CLK001_SetMainPLLClkSrc
                0x08003440       0xf0 Dave/Generated/src/CLK001/CLK001.o
 .text.CLK001_ConfigMainPLL
                0x08003530      0x15c Dave/Generated/src/CLK001/CLK001.o
 .text.CLK001_FreqStepupMainPLL
                0x0800368c      0x164 Dave/Generated/src/CLK001/CLK001.o
 .text.CLK001_SysClk_Init
                0x080037f0       0x50 Dave/Generated/src/CLK001/CLK001.o
 .text.CLK001_Init
                0x08003840       0x30 Dave/Generated/src/CLK001/CLK001.o
                0x08003840                CLK001_Init
 .text.AllowPLLInitByStartup
                0x08003870       0x10 Dave/Generated/src/CLK001/CLK001.o
                0x08003870                AllowPLLInitByStartup
 .text          0x08003880        0x0 c:/dave-3.1.10/arm-gcc/bin/../lib/gcc/arm-none-eabi/4.7.4/../../../../arm-none-eabi/lib/armv7e-m\libg.a(lib_a-init.o)
 .text.__libc_init_array
                0x08003880       0x94 c:/dave-3.1.10/arm-gcc/bin/../lib/gcc/arm-none-eabi/4.7.4/../../../../arm-none-eabi/lib/armv7e-m\libg.a(lib_a-init.o)
                0x08003880                __libc_init_array
 .text          0x08003914        0x0 c:/dave-3.1.10/arm-gcc/bin/../lib/gcc/arm-none-eabi/4.7.4/../../../../arm-none-eabi/lib/armv7e-m\libg.a(lib_a-malloc.o)
 .text.malloc   0x08003914       0x10 c:/dave-3.1.10/arm-gcc/bin/../lib/gcc/arm-none-eabi/4.7.4/../../../../arm-none-eabi/lib/armv7e-m\libg.a(lib_a-malloc.o)
                0x08003914                malloc
 .text.free     0x08003924       0x10 c:/dave-3.1.10/arm-gcc/bin/../lib/gcc/arm-none-eabi/4.7.4/../../../../arm-none-eabi/lib/armv7e-m\libg.a(lib_a-malloc.o)
                0x08003924                free
 .text          0x08003934        0x0 c:/dave-3.1.10/arm-gcc/bin/../lib/gcc/arm-none-eabi/4.7.4/../../../../arm-none-eabi/lib/armv7e-m\libg.a(lib_a-mallocr.o)
 .text._malloc_r
                0x08003934      0x55c c:/dave-3.1.10/arm-gcc/bin/../lib/gcc/arm-none-eabi/4.7.4/../../../../arm-none-eabi/lib/armv7e-m\libg.a(lib_a-mallocr.o)
                0x08003934                _malloc_r
 .text          0x08003e90        0x0 c:/dave-3.1.10/arm-gcc/bin/../lib/gcc/arm-none-eabi/4.7.4/../../../../arm-none-eabi/lib/armv7e-m\libg.a(lib_a-memcpy.o)
 .text.memcpy   0x08003e90      0x144 c:/dave-3.1.10/arm-gcc/bin/../lib/gcc/arm-none-eabi/4.7.4/../../../../arm-none-eabi/lib/armv7e-m\libg.a(lib_a-memcpy.o)
                0x08003e90                memcpy
 .text          0x08003fd4        0x0 c:/dave-3.1.10/arm-gcc/bin/../lib/gcc/arm-none-eabi/4.7.4/../../../../arm-none-eabi/lib/armv7e-m\libg.a(lib_a-mlock.o)
 .text.__malloc_lock
                0x08003fd4        0x4 c:/dave-3.1.10/arm-gcc/bin/../lib/gcc/arm-none-eabi/4.7.4/../../../../arm-none-eabi/lib/armv7e-m\libg.a(lib_a-mlock.o)
                0x08003fd4                __malloc_lock
 .text.__malloc_unlock
                0x08003fd8        0x4 c:/dave-3.1.10/arm-gcc/bin/../lib/gcc/arm-none-eabi/4.7.4/../../../../arm-none-eabi/lib/armv7e-m\libg.a(lib_a-mlock.o)
                0x08003fd8                __malloc_unlock
 .text          0x08003fdc        0x0 c:/dave-3.1.10/arm-gcc/bin/../lib/gcc/arm-none-eabi/4.7.4/../../../../arm-none-eabi/lib/armv7e-m\libg.a(lib_a-sbrkr.o)
 .text._sbrk_r  0x08003fdc       0x24 c:/dave-3.1.10/arm-gcc/bin/../lib/gcc/arm-none-eabi/4.7.4/../../../../arm-none-eabi/lib/armv7e-m\libg.a(lib_a-sbrkr.o)
                0x08003fdc                _sbrk_r
 .text          0x08004000        0x0 c:/dave-3.1.10/arm-gcc/bin/../lib/gcc/arm-none-eabi/4.7.4/../../../../arm-none-eabi/lib/armv7e-m\libg.a(lib_a-strchr.o)
 .text.strchr   0x08004000       0xfc c:/dave-3.1.10/arm-gcc/bin/../lib/gcc/arm-none-eabi/4.7.4/../../../../arm-none-eabi/lib/armv7e-m\libg.a(lib_a-strchr.o)
                0x08004000                strchr
 .text          0x080040fc        0x0 c:/dave-3.1.10/arm-gcc/bin/../lib/gcc/arm-none-eabi/4.7.4/../../../../arm-none-eabi/lib/armv7e-m\libg.a(lib_a-strcmp.o)
 .text.strcmp   0x080040fc       0x80 c:/dave-3.1.10/arm-gcc/bin/../lib/gcc/arm-none-eabi/4.7.4/../../../../arm-none-eabi/lib/armv7e-m\libg.a(lib_a-strcmp.o)
                0x080040fc                strcmp
 .text.strcmp_unaligned
                0x0800417c      0x15c c:/dave-3.1.10/arm-gcc/bin/../lib/gcc/arm-none-eabi/4.7.4/../../../../arm-none-eabi/lib/armv7e-m\libg.a(lib_a-strcmp.o)
 .text          0x080042d8        0x0 c:/dave-3.1.10/arm-gcc/bin/../lib/gcc/arm-none-eabi/4.7.4/../../../../arm-none-eabi/lib/armv7e-m\libg.a(lib_a-strlen.o)
 .text.strlen   0x080042d8       0x60 c:/dave-3.1.10/arm-gcc/bin/../lib/gcc/arm-none-eabi/4.7.4/../../../../arm-none-eabi/lib/armv7e-m\libg.a(lib_a-strlen.o)
                0x080042d8                strlen
 .text          0x08004338        0x0 c:/dave-3.1.10/arm-gcc/bin/../lib/gcc/arm-none-eabi/4.7.4/../../../../arm-none-eabi/lib/armv7e-m\libg.a(lib_a-strstr.o)
 .text.critical_factorization
                0x08004338       0xbc c:/dave-3.1.10/arm-gcc/bin/../lib/gcc/arm-none-eabi/4.7.4/../../../../arm-none-eabi/lib/armv7e-m\libg.a(lib_a-strstr.o)
 .text.two_way_long_needle
                0x080043f4      0x318 c:/dave-3.1.10/arm-gcc/bin/../lib/gcc/arm-none-eabi/4.7.4/../../../../arm-none-eabi/lib/armv7e-m\libg.a(lib_a-strstr.o)
 .text.strstr   0x0800470c      0x2f0 c:/dave-3.1.10/arm-gcc/bin/../lib/gcc/arm-none-eabi/4.7.4/../../../../arm-none-eabi/lib/armv7e-m\libg.a(lib_a-strstr.o)
                0x0800470c                strstr
 .text          0x080049fc        0x0 c:/dave-3.1.10/arm-gcc/bin/../lib/gcc/arm-none-eabi/4.7.4/../../../../arm-none-eabi/lib/armv7e-m\libg.a(lib_a-freer.o)
 .text._malloc_trim_r
                0x080049fc       0x98 c:/dave-3.1.10/arm-gcc/bin/../lib/gcc/arm-none-eabi/4.7.4/../../../../arm-none-eabi/lib/armv7e-m\libg.a(lib_a-freer.o)
                0x080049fc                _malloc_trim_r
 .text._free_r  0x08004a94      0x194 c:/dave-3.1.10/arm-gcc/bin/../lib/gcc/arm-none-eabi/4.7.4/../../../../arm-none-eabi/lib/armv7e-m\libg.a(lib_a-freer.o)
                0x08004a94                _free_r
 .text          0x08004c28        0x0 c:/dave-3.1.10/arm-gcc/bin/../lib/gcc/arm-none-eabi/4.7.4/../../../../arm-none-eabi/lib/armv7e-m\libg.a(lib_a-impure.o)
 .text          0x08004c28        0x0 c:/dave-3.1.10/arm-gcc/bin/../lib/gcc/arm-none-eabi/4.7.4/../../../../arm-none-eabi/lib/armv7e-m\libg.a(lib_a-memchr.o)
 .text.memchr   0x08004c28      0x140 c:/dave-3.1.10/arm-gcc/bin/../lib/gcc/arm-none-eabi/4.7.4/../../../../arm-none-eabi/lib/armv7e-m\libg.a(lib_a-memchr.o)
                0x08004c28                memchr
 .text          0x08004d68        0x0 c:/dave-3.1.10/arm-gcc/bin/../lib/gcc/arm-none-eabi/4.7.4/../../../../arm-none-eabi/lib/armv7e-m\libg.a(lib_a-memcmp.o)
 .text.memcmp   0x08004d68       0xb8 c:/dave-3.1.10/arm-gcc/bin/../lib/gcc/arm-none-eabi/4.7.4/../../../../arm-none-eabi/lib/armv7e-m\libg.a(lib_a-memcmp.o)
                0x08004d68                memcmp
 .text          0x08004e20        0x0 c:/dave-3.1.10/arm-gcc/bin/../lib/gcc/arm-none-eabi/4.7.4/../../../../arm-none-eabi/lib/armv7e-m\libg.a(lib_a-reent.o)
 .text.cleanup_glue
                0x08004e20       0x1c c:/dave-3.1.10/arm-gcc/bin/../lib/gcc/arm-none-eabi/4.7.4/../../../../arm-none-eabi/lib/armv7e-m\libg.a(lib_a-reent.o)
                0x08004e20                cleanup_glue
 .text._reclaim_reent
                0x08004e3c       0x8c c:/dave-3.1.10/arm-gcc/bin/../lib/gcc/arm-none-eabi/4.7.4/../../../../arm-none-eabi/lib/armv7e-m\libg.a(lib_a-reent.o)
                0x08004e3c                _reclaim_reent
 .text._wrapup_reent
                0x08004ec8       0x74 c:/dave-3.1.10/arm-gcc/bin/../lib/gcc/arm-none-eabi/4.7.4/../../../../arm-none-eabi/lib/armv7e-m\libg.a(lib_a-reent.o)
                0x08004ec8                _wrapup_reent
 *(.glue*)
 .glue_7        0x00000000        0x0 linker stubs
 .glue_7t       0x00000000        0x0 linker stubs
 *(.v4*)
 .v4_bx         0x00000000        0x0 linker stubs
 *(.vfp11_veneer)
 .vfp11_veneer  0x00000000        0x0 linker stubs
 *(.init)
                0x08004f3c                __preinit_array_start = .
 *(.preinit_array)
                0x08004f3c                __preinit_array_end = .
                0x08004f3c                __init_array_start = .
 *(SORT(.init_array.*))
 *(.init_array)
                0x08004f3c                __init_array_end = .
 *crtbegin.o(.ctors)
 *(EXCLUDE_FILE(*crtend.o) .ctors)
 *(SORT(.ctors.*))
 *crtend.o(.ctors)
 *(.fini)
                0x08004f3c                __fini_array_start = .
 *(.fini_array)
 *(SORT(.fini_array.*))
                0x08004f3c                __fini_array_end = .
 *crtbegin.o(.dtors)
 *(EXCLUDE_FILE(*crtend.o) .dtors)
 *(SORT(.dtors.*))
 *crtend.o(.dtors)
                0x08004f3c                __extab_start = .
 *(.ARM.extab* .gnu.linkonce.armextab.*)
 .ARM.extab.Xmc4500.reset
                0x08004f3c        0x0 Startup/startup_XMC4500.o
 .ARM.extab.Xmc4500.postreset
                0x08004f3c        0x0 Startup/startup_XMC4500.o
                0x08004f3c                . = ALIGN (0x4)
                0x08004f3c                __extab_end = ABSOLUTE (.)

.iplt           0x08004f3c        0x0 load address 0x0c004f3c
 .iplt          0x00000000        0x0 BluetoothDriver.o

.ARM.exidx      0x08004f3c       0x10 load address 0x0c004f3c
                0x08004f3c                __exidx_start = .
 *(.ARM.exidx* .gnu.linkonce.armexidx.*)
 .ARM.exidx.Xmc4500.reset
                0x08004f3c        0x8 Startup/startup_XMC4500.o
 .ARM.exidx.Xmc4500.postreset
                0x08004f44        0x8 Startup/startup_XMC4500.o
                0x08004f4c                . = ALIGN (0x4)
                0x08004f4c                __exidx_end = ABSOLUTE (.)

.rodata         0x08004f4c      0x140 load address 0x0c004f4c
 *(.rodata .rodata.*)
 .rodata        0x08004f4c       0xec BluetoothDriver.o
 .rodata        0x08005038       0x34 Dave/Generated/src/UART001/UART001_Conf.o
                0x08005038                UART001_Handle0
 .rodata        0x0800506c       0x18 Dave/Generated/src/IO004/IO004_Conf.o
                0x0800506c                IO004_Handle0
                0x08005074                IO004_Handle1
                0x0800507c                IO004_Handle2
 .rodata.str1.4
                0x08005084        0x4 c:/dave-3.1.10/arm-gcc/bin/../lib/gcc/arm-none-eabi/4.7.4/../../../../arm-none-eabi/lib/armv7e-m\libg.a(lib_a-impure.o)
 .rodata._global_impure_ptr
                0x08005088        0x4 c:/dave-3.1.10/arm-gcc/bin/../lib/gcc/arm-none-eabi/4.7.4/../../../../arm-none-eabi/lib/armv7e-m\libg.a(lib_a-impure.o)
                0x08005088                _global_impure_ptr
 *(.gnu.linkonce.r*)

.rel.dyn        0x0800508c        0x0 load address 0x0c00508c
 .rel.iplt      0x00000000        0x0 BluetoothDriver.o
                0x08005090                . = ALIGN (0x10)
                0x0c005090                eROData = (. | 0x4000000)

Stack           0x10000000      0x800
                0x10000800                . = (. + stack_size)
 *fill*         0x10000000      0x800 00
                0x10000800                __Xmc4500_stack = .

.data3          0x10000800        0x0
                0x10000800                __data3_start = .
 *(.data3)
                0x10000800                __data3_end = .
                0x00000000                __data3_size = (__data3_end - __data3_start)

.data           0x20000000      0x854 load address 0x0c005090
                0x20000000                __Xmc4500_sData = .
 *(.data)
 .data          0x20000000       0x10 BluetoothDriver.o
                0x20000000                canSend
                0x20000004                mainInitTimerStatus
                0x20000008                StatusReceiveAns
                0x2000000c                TimerStatusRxMessage
 .data          0x20000010        0x0 Main.o
 .data          0x20000010        0x0 timerFunctions.o
 .data          0x20000010        0x0 Startup/startup_XMC4500.o
 .data          0x20000010        0x4 Startup/system_XMC4500.o
                0x20000010                SystemCoreClock
 .data          0x20000014        0x0 Lib/System_LibcStubs.o
 .data          0x20000014        0x0 Dave/Generated/src/UART001/UART001.o
 .data          0x20000014        0x4 Dave/Generated/src/UART001/UART001_Conf.o
                0x20000014                UART001_HandleArray
 .data          0x20000018        0x0 Dave/Generated/src/SYSTM001/SYSTM001.o
 .data          0x20000018        0x0 Dave/Generated/src/RESET001/RESET001.o
 .data          0x20000018        0x0 Dave/Generated/src/LIBS/CCU8PWMLIB.o
 .data          0x20000018        0x0 Dave/Generated/src/LIBS/MOTORLIB.o
 .data          0x20000018        0x0 Dave/Generated/src/IO004/IO004.o
 .data          0x20000018        0x0 Dave/Generated/src/IO004/IO004_Conf.o
 .data          0x20000018        0x0 Dave/Generated/src/DAVESupport/DAVE3.o
 .data          0x20000018        0x0 Dave/Generated/src/DAVESupport/MULTIPLEXER.o
 .data          0x20000018        0x0 Dave/Generated/src/CLK001/CLK001.o
 .data          0x20000018        0x0 c:/dave-3.1.10/arm-gcc/bin/../lib/gcc/arm-none-eabi/4.7.4/../../../../arm-none-eabi/lib/armv7e-m\libg.a(lib_a-init.o)
 .data          0x20000018        0x0 c:/dave-3.1.10/arm-gcc/bin/../lib/gcc/arm-none-eabi/4.7.4/../../../../arm-none-eabi/lib/armv7e-m\libg.a(lib_a-malloc.o)
 .data          0x20000018        0x0 c:/dave-3.1.10/arm-gcc/bin/../lib/gcc/arm-none-eabi/4.7.4/../../../../arm-none-eabi/lib/armv7e-m\libg.a(lib_a-mallocr.o)
 .data          0x20000018        0x0 c:/dave-3.1.10/arm-gcc/bin/../lib/gcc/arm-none-eabi/4.7.4/../../../../arm-none-eabi/lib/armv7e-m\libg.a(lib_a-memcpy.o)
 .data          0x20000018        0x0 c:/dave-3.1.10/arm-gcc/bin/../lib/gcc/arm-none-eabi/4.7.4/../../../../arm-none-eabi/lib/armv7e-m\libg.a(lib_a-mlock.o)
 .data          0x20000018        0x0 c:/dave-3.1.10/arm-gcc/bin/../lib/gcc/arm-none-eabi/4.7.4/../../../../arm-none-eabi/lib/armv7e-m\libg.a(lib_a-sbrkr.o)
 .data          0x20000018        0x0 c:/dave-3.1.10/arm-gcc/bin/../lib/gcc/arm-none-eabi/4.7.4/../../../../arm-none-eabi/lib/armv7e-m\libg.a(lib_a-strchr.o)
 .data          0x20000018        0x0 c:/dave-3.1.10/arm-gcc/bin/../lib/gcc/arm-none-eabi/4.7.4/../../../../arm-none-eabi/lib/armv7e-m\libg.a(lib_a-strcmp.o)
 .data          0x20000018        0x0 c:/dave-3.1.10/arm-gcc/bin/../lib/gcc/arm-none-eabi/4.7.4/../../../../arm-none-eabi/lib/armv7e-m\libg.a(lib_a-strlen.o)
 .data          0x20000018        0x0 c:/dave-3.1.10/arm-gcc/bin/../lib/gcc/arm-none-eabi/4.7.4/../../../../arm-none-eabi/lib/armv7e-m\libg.a(lib_a-strstr.o)
 .data          0x20000018        0x0 c:/dave-3.1.10/arm-gcc/bin/../lib/gcc/arm-none-eabi/4.7.4/../../../../arm-none-eabi/lib/armv7e-m\libg.a(lib_a-freer.o)
 .data          0x20000018        0x0 c:/dave-3.1.10/arm-gcc/bin/../lib/gcc/arm-none-eabi/4.7.4/../../../../arm-none-eabi/lib/armv7e-m\libg.a(lib_a-impure.o)
 .data          0x20000018        0x0 c:/dave-3.1.10/arm-gcc/bin/../lib/gcc/arm-none-eabi/4.7.4/../../../../arm-none-eabi/lib/armv7e-m\libg.a(lib_a-memchr.o)
 .data          0x20000018        0x0 c:/dave-3.1.10/arm-gcc/bin/../lib/gcc/arm-none-eabi/4.7.4/../../../../arm-none-eabi/lib/armv7e-m\libg.a(lib_a-memcmp.o)
 .data          0x20000018        0x0 c:/dave-3.1.10/arm-gcc/bin/../lib/gcc/arm-none-eabi/4.7.4/../../../../arm-none-eabi/lib/armv7e-m\libg.a(lib_a-reent.o)
 *(.data*)
 .data.__malloc_av_
                0x20000018      0x408 c:/dave-3.1.10/arm-gcc/bin/../lib/gcc/arm-none-eabi/4.7.4/../../../../arm-none-eabi/lib/armv7e-m\libg.a(lib_a-mallocr.o)
                0x20000018                __malloc_av_
 .data.__malloc_trim_threshold
                0x20000420        0x4 c:/dave-3.1.10/arm-gcc/bin/../lib/gcc/arm-none-eabi/4.7.4/../../../../arm-none-eabi/lib/armv7e-m\libg.a(lib_a-mallocr.o)
                0x20000420                __malloc_trim_threshold
 .data.__malloc_sbrk_base
                0x20000424        0x4 c:/dave-3.1.10/arm-gcc/bin/../lib/gcc/arm-none-eabi/4.7.4/../../../../arm-none-eabi/lib/armv7e-m\libg.a(lib_a-mallocr.o)
                0x20000424                __malloc_sbrk_base
 .data.impure_data
                0x20000428      0x428 c:/dave-3.1.10/arm-gcc/bin/../lib/gcc/arm-none-eabi/4.7.4/../../../../arm-none-eabi/lib/armv7e-m\libg.a(lib_a-impure.o)
 .data._impure_ptr
                0x20000850        0x4 c:/dave-3.1.10/arm-gcc/bin/../lib/gcc/arm-none-eabi/4.7.4/../../../../arm-none-eabi/lib/armv7e-m\libg.a(lib_a-impure.o)
                0x20000850                _impure_ptr
 *(*.data)
 *(.gnu.linkonce.d*)
                0x20000854                __Xmc4500_eData = ALIGN (0x4)
                0x00000854                __Xmc4500_Data_Size = (__Xmc4500_eData - __Xmc4500_sData)

.igot.plt       0x20000854        0x0 load address 0x0c0058e4
 .igot.plt      0x00000000        0x0 BluetoothDriver.o

.ram_code       0x10000800        0x0 load address 0x0c0058e4
                0x10000800                __ram_code_start = .
 *(.ram_code)
                0x10000800                __ram_code_end = .
                0x0c0058e4                __ram_code_load = LOADADDR (.ram_code)
                0x00000000                __ram_code_size = (__ram_code_end - __ram_code_start)

.bss            0x20000854      0x838 load address 0x0c0058e4
                0x20000854                __Xmc4500_sBSS = .
 *(.bss)
 .bss           0x20000854       0x20 BluetoothDriver.o
                0x20000854                initStatus
                0x20000855                removeInitTimerRx
                0x20000856                removeMainTimerStatus
                0x20000857                removeRxTimerStatus
                0x20000858                mainInitTimerID
                0x2000085c                HandlTimerReceiveAnsID
                0x20000860                TimerIdRxMessage
                0x20000864                stageOfConnection
                0x20000868                stageOfInit
 .bss           0x20000874        0x0 Main.o
 .bss           0x20000874        0x0 timerFunctions.o
 .bss           0x20000874        0x0 Startup/startup_XMC4500.o
 .bss           0x20000874        0x0 Startup/system_XMC4500.o
 .bss           0x20000874        0xc Lib/System_LibcStubs.o
                0x20000874                __dso_handle
 .bss           0x20000880        0x0 Dave/Generated/src/UART001/UART001.o
 .bss           0x20000880        0x0 Dave/Generated/src/UART001/UART001_Conf.o
 .bss           0x20000880        0xc Dave/Generated/src/SYSTM001/SYSTM001.o
                0x20000880                TimerList
                0x20000884                TimerTracker
                0x20000888                SysTickCount
 .bss           0x2000088c        0x0 Dave/Generated/src/RESET001/RESET001.o
 .bss           0x2000088c        0x0 Dave/Generated/src/LIBS/CCU8PWMLIB.o
 .bss           0x2000088c        0x0 Dave/Generated/src/LIBS/MOTORLIB.o
 .bss           0x2000088c        0x0 Dave/Generated/src/IO004/IO004.o
 .bss           0x2000088c        0x0 Dave/Generated/src/IO004/IO004_Conf.o
 .bss           0x2000088c        0x0 Dave/Generated/src/DAVESupport/DAVE3.o
 .bss           0x2000088c        0x0 Dave/Generated/src/DAVESupport/MULTIPLEXER.o
 .bss           0x2000088c        0x8 Dave/Generated/src/CLK001/CLK001.o
 .bss           0x20000894        0x0 c:/dave-3.1.10/arm-gcc/bin/../lib/gcc/arm-none-eabi/4.7.4/../../../../arm-none-eabi/lib/armv7e-m\libg.a(lib_a-init.o)
 .bss           0x20000894        0x0 c:/dave-3.1.10/arm-gcc/bin/../lib/gcc/arm-none-eabi/4.7.4/../../../../arm-none-eabi/lib/armv7e-m\libg.a(lib_a-malloc.o)
 .bss           0x20000894        0x0 c:/dave-3.1.10/arm-gcc/bin/../lib/gcc/arm-none-eabi/4.7.4/../../../../arm-none-eabi/lib/armv7e-m\libg.a(lib_a-mallocr.o)
 .bss           0x20000894        0x0 c:/dave-3.1.10/arm-gcc/bin/../lib/gcc/arm-none-eabi/4.7.4/../../../../arm-none-eabi/lib/armv7e-m\libg.a(lib_a-memcpy.o)
 .bss           0x20000894        0x0 c:/dave-3.1.10/arm-gcc/bin/../lib/gcc/arm-none-eabi/4.7.4/../../../../arm-none-eabi/lib/armv7e-m\libg.a(lib_a-mlock.o)
 .bss           0x20000894        0x0 c:/dave-3.1.10/arm-gcc/bin/../lib/gcc/arm-none-eabi/4.7.4/../../../../arm-none-eabi/lib/armv7e-m\libg.a(lib_a-sbrkr.o)
 .bss           0x20000894        0x0 c:/dave-3.1.10/arm-gcc/bin/../lib/gcc/arm-none-eabi/4.7.4/../../../../arm-none-eabi/lib/armv7e-m\libg.a(lib_a-strchr.o)
 .bss           0x20000894        0x0 c:/dave-3.1.10/arm-gcc/bin/../lib/gcc/arm-none-eabi/4.7.4/../../../../arm-none-eabi/lib/armv7e-m\libg.a(lib_a-strcmp.o)
 .bss           0x20000894        0x0 c:/dave-3.1.10/arm-gcc/bin/../lib/gcc/arm-none-eabi/4.7.4/../../../../arm-none-eabi/lib/armv7e-m\libg.a(lib_a-strlen.o)
 .bss           0x20000894        0x0 c:/dave-3.1.10/arm-gcc/bin/../lib/gcc/arm-none-eabi/4.7.4/../../../../arm-none-eabi/lib/armv7e-m\libg.a(lib_a-strstr.o)
 .bss           0x20000894        0x0 c:/dave-3.1.10/arm-gcc/bin/../lib/gcc/arm-none-eabi/4.7.4/../../../../arm-none-eabi/lib/armv7e-m\libg.a(lib_a-freer.o)
 .bss           0x20000894        0x0 c:/dave-3.1.10/arm-gcc/bin/../lib/gcc/arm-none-eabi/4.7.4/../../../../arm-none-eabi/lib/armv7e-m\libg.a(lib_a-impure.o)
 .bss           0x20000894        0x0 c:/dave-3.1.10/arm-gcc/bin/../lib/gcc/arm-none-eabi/4.7.4/../../../../arm-none-eabi/lib/armv7e-m\libg.a(lib_a-memchr.o)
 .bss           0x20000894        0x0 c:/dave-3.1.10/arm-gcc/bin/../lib/gcc/arm-none-eabi/4.7.4/../../../../arm-none-eabi/lib/armv7e-m\libg.a(lib_a-memcmp.o)
 .bss           0x20000894        0x0 c:/dave-3.1.10/arm-gcc/bin/../lib/gcc/arm-none-eabi/4.7.4/../../../../arm-none-eabi/lib/armv7e-m\libg.a(lib_a-reent.o)
 *(.bss*)
 .bss.__malloc_max_total_mem
                0x20000894        0x4 c:/dave-3.1.10/arm-gcc/bin/../lib/gcc/arm-none-eabi/4.7.4/../../../../arm-none-eabi/lib/armv7e-m\libg.a(lib_a-mallocr.o)
                0x20000894                __malloc_max_total_mem
 .bss.__malloc_max_sbrked_mem
                0x20000898        0x4 c:/dave-3.1.10/arm-gcc/bin/../lib/gcc/arm-none-eabi/4.7.4/../../../../arm-none-eabi/lib/armv7e-m\libg.a(lib_a-mallocr.o)
                0x20000898                __malloc_max_sbrked_mem
 .bss.__malloc_top_pad
                0x2000089c        0x4 c:/dave-3.1.10/arm-gcc/bin/../lib/gcc/arm-none-eabi/4.7.4/../../../../arm-none-eabi/lib/armv7e-m\libg.a(lib_a-mallocr.o)
                0x2000089c                __malloc_top_pad
 .bss.__malloc_current_mallinfo
                0x200008a0       0x28 c:/dave-3.1.10/arm-gcc/bin/../lib/gcc/arm-none-eabi/4.7.4/../../../../arm-none-eabi/lib/armv7e-m\libg.a(lib_a-mallocr.o)
                0x200008a0                __malloc_current_mallinfo
 *(COMMON)
 COMMON         0x200008c8      0x3c0 BluetoothDriver.o
                0x200008c8                initCommandsAnswer
 COMMON         0x20000c88      0x400 Dave/Generated/src/SYSTM001/SYSTM001.o
                0x20000c88                TimerTbl
 COMMON         0x20001088        0x4 c:/dave-3.1.10/arm-gcc/bin/../lib/gcc/arm-none-eabi/4.7.4/../../../../arm-none-eabi/lib/armv7e-m\libg.a(lib_a-reent.o)
                0x20001088                errno
 *(.gnu.linkonce.b*)
                0x2000108c                __Xmc4500_eBSS = ALIGN (0x4)
                0x2000108c                . = ALIGN (0x4)
                0x2000108c                Heap_Bank1_Start = .
                0x00000838                __Xmc4500_BSS_Size = (__Xmc4500_eBSS - __Xmc4500_sBSS)

.data2          0x30000000        0x0
                0x30000000                __data2_start = .
 *(ETH_RAM)
                0x30000000                __data2_end = .
                0x00000000                __data2_size = (__data2_end - __data2_start)
                0x0000ef74                Heap_Bank1_Size = (0x10000 - (Heap_Bank1_Start - ORIGIN (DSRAM_1_system)))

DSRAM2_Heap     0x30000000        0x0
                0x30000000                Heap_Bank2_Start = .
                0x00008000                Heap_Bank2_Size = (0x8000 - (Heap_Bank2_Start - ORIGIN (DSRAM_2_comm)))

PSRAM_Heap      0x10000800        0x0
                0x10000800                Heap_Bank3_Start = .
                0x0000f800                Heap_Bank3_Size = (0x10000 - (Heap_Bank3_Start - ORIGIN (PSRAM_1)))

/DISCARD/
 *(.comment)

.stab
 *(.stab)

.stabstr
 *(.stabstr)

.debug
 *(.debug)

.line
 *(.line)

.debug_srcinfo
 *(.debug_srcinfo)

.debug_sfnames
 *(.debug_sfnames)

.debug_aranges  0x00000000      0x4c8
 *(.debug_aranges)
 .debug_aranges
                0x00000000       0xe0 BluetoothDriver.o
 .debug_aranges
                0x000000e0       0x20 Main.o
 .debug_aranges
                0x00000100       0x28 timerFunctions.o
 .debug_aranges
                0x00000128       0x38 Startup/startup_XMC4500.o
 .debug_aranges
                0x00000160       0x30 Startup/system_XMC4500.o
 .debug_aranges
                0x00000190       0xa0 Lib/System_LibcStubs.o
 .debug_aranges
                0x00000230       0x80 Dave/Generated/src/UART001/UART001.o
 .debug_aranges
                0x000002b0       0x18 Dave/Generated/src/UART001/UART001_Conf.o
 .debug_aranges
                0x000002c8       0x90 Dave/Generated/src/SYSTM001/SYSTM001.o
 .debug_aranges
                0x00000358       0x40 Dave/Generated/src/RESET001/RESET001.o
 .debug_aranges
                0x00000398       0x18 Dave/Generated/src/LIBS/CCU8PWMLIB.o
 .debug_aranges
                0x000003b0       0x18 Dave/Generated/src/LIBS/MOTORLIB.o
 .debug_aranges
                0x000003c8       0x30 Dave/Generated/src/IO004/IO004.o
 .debug_aranges
                0x000003f8       0x18 Dave/Generated/src/IO004/IO004_Conf.o
 .debug_aranges
                0x00000410       0x30 Dave/Generated/src/DAVESupport/DAVE3.o
 .debug_aranges
                0x00000440       0x28 Dave/Generated/src/DAVESupport/MULTIPLEXER.o
 .debug_aranges
                0x00000468       0x60 Dave/Generated/src/CLK001/CLK001.o

.debug_pubnames
 *(.debug_pubnames)

.debug_pubtypes
 *(.debug_pubtypes)

.debug_info     0x00000000     0x6479
 *(.debug_info .gnu.linkonce.wi.*)
 .debug_info    0x00000000      0xffa BluetoothDriver.o
 .debug_info    0x00000ffa       0xc1 Main.o
 .debug_info    0x000010bb      0x1ab timerFunctions.o
 .debug_info    0x00001266       0x79 Startup/startup_XMC4500.o
 .debug_info    0x000012df      0xaf0 Startup/system_XMC4500.o
 .debug_info    0x00001dcf      0x65f Lib/System_LibcStubs.o
 .debug_info    0x0000242e      0xfc2 Dave/Generated/src/UART001/UART001.o
 .debug_info    0x000033f0      0x805 Dave/Generated/src/UART001/UART001_Conf.o
 .debug_info    0x00003bf5      0xc2e Dave/Generated/src/SYSTM001/SYSTM001.o
 .debug_info    0x00004823      0x47c Dave/Generated/src/RESET001/RESET001.o
 .debug_info    0x00004c9f       0x94 Dave/Generated/src/LIBS/CCU8PWMLIB.o
 .debug_info    0x00004d33       0x94 Dave/Generated/src/LIBS/MOTORLIB.o
 .debug_info    0x00004dc7      0x3b9 Dave/Generated/src/IO004/IO004.o
 .debug_info    0x00005180      0x2aa Dave/Generated/src/IO004/IO004_Conf.o
 .debug_info    0x0000542a      0x2e9 Dave/Generated/src/DAVESupport/DAVE3.o
 .debug_info    0x00005713      0x6dd Dave/Generated/src/DAVESupport/MULTIPLEXER.o
 .debug_info    0x00005df0      0x689 Dave/Generated/src/CLK001/CLK001.o

.debug_abbrev   0x00000000     0x13bc
 *(.debug_abbrev)
 .debug_abbrev  0x00000000      0x312 BluetoothDriver.o
 .debug_abbrev  0x00000312       0x6e Main.o
 .debug_abbrev  0x00000380       0xb5 timerFunctions.o
 .debug_abbrev  0x00000435       0x12 Startup/startup_XMC4500.o
 .debug_abbrev  0x00000447      0x154 Startup/system_XMC4500.o
 .debug_abbrev  0x0000059b      0x149 Lib/System_LibcStubs.o
 .debug_abbrev  0x000006e4      0x203 Dave/Generated/src/UART001/UART001.o
 .debug_abbrev  0x000008e7      0x12c Dave/Generated/src/UART001/UART001_Conf.o
 .debug_abbrev  0x00000a13      0x26b Dave/Generated/src/SYSTM001/SYSTM001.o
 .debug_abbrev  0x00000c7e      0x122 Dave/Generated/src/RESET001/RESET001.o
 .debug_abbrev  0x00000da0       0x4e Dave/Generated/src/LIBS/CCU8PWMLIB.o
 .debug_abbrev  0x00000dee       0x4e Dave/Generated/src/LIBS/MOTORLIB.o
 .debug_abbrev  0x00000e3c      0x129 Dave/Generated/src/IO004/IO004.o
 .debug_abbrev  0x00000f65       0xbb Dave/Generated/src/IO004/IO004_Conf.o
 .debug_abbrev  0x00001020       0xf3 Dave/Generated/src/DAVESupport/DAVE3.o
 .debug_abbrev  0x00001113      0x123 Dave/Generated/src/DAVESupport/MULTIPLEXER.o
 .debug_abbrev  0x00001236      0x186 Dave/Generated/src/CLK001/CLK001.o

.debug_line     0x00000000     0x7590
 *(.debug_line)
 .debug_line    0x00000000      0xb2d BluetoothDriver.o
 .debug_line    0x00000b2d      0x8ea Main.o
 .debug_line    0x00001417      0x886 timerFunctions.o
 .debug_line    0x00001c9d      0x130 Startup/startup_XMC4500.o
 .debug_line    0x00001dcd      0x3b7 Startup/system_XMC4500.o
 .debug_line    0x00002184      0x3c1 Lib/System_LibcStubs.o
 .debug_line    0x00002545      0x6c6 Dave/Generated/src/UART001/UART001.o
 .debug_line    0x00002c0b      0x3de Dave/Generated/src/UART001/UART001_Conf.o
 .debug_line    0x00002fe9      0xa6b Dave/Generated/src/SYSTM001/SYSTM001.o
 .debug_line    0x00003a54      0x41e Dave/Generated/src/RESET001/RESET001.o
 .debug_line    0x00003e72      0x895 Dave/Generated/src/LIBS/CCU8PWMLIB.o
 .debug_line    0x00004707      0x891 Dave/Generated/src/LIBS/MOTORLIB.o
 .debug_line    0x00004f98      0x8f0 Dave/Generated/src/IO004/IO004.o
 .debug_line    0x00005888      0x85c Dave/Generated/src/IO004/IO004_Conf.o
 .debug_line    0x000060e4      0x805 Dave/Generated/src/DAVESupport/DAVE3.o
 .debug_line    0x000068e9      0x7f8 Dave/Generated/src/DAVESupport/MULTIPLEXER.o
 .debug_line    0x000070e1      0x4af Dave/Generated/src/CLK001/CLK001.o

.debug_frame    0x00000000      0xf2c
 *(.debug_frame)
 .debug_frame   0x00000000      0x2f0 BluetoothDriver.o
 .debug_frame   0x000002f0       0x2c Main.o
 .debug_frame   0x0000031c       0x50 timerFunctions.o
 .debug_frame   0x0000036c       0x6c Startup/system_XMC4500.o
 .debug_frame   0x000003d8      0x1ec Lib/System_LibcStubs.o
 .debug_frame   0x000005c4      0x190 Dave/Generated/src/UART001/UART001.o
 .debug_frame   0x00000754      0x1d0 Dave/Generated/src/SYSTM001/SYSTM001.o
 .debug_frame   0x00000924       0x9c Dave/Generated/src/RESET001/RESET001.o
 .debug_frame   0x000009c0       0x64 Dave/Generated/src/IO004/IO004.o
 .debug_frame   0x00000a24       0x64 Dave/Generated/src/DAVESupport/DAVE3.o
 .debug_frame   0x00000a88       0x48 Dave/Generated/src/DAVESupport/MULTIPLEXER.o
 .debug_frame   0x00000ad0      0x120 Dave/Generated/src/CLK001/CLK001.o
 .debug_frame   0x00000bf0       0x30 c:/dave-3.1.10/arm-gcc/bin/../lib/gcc/arm-none-eabi/4.7.4/../../../../arm-none-eabi/lib/armv7e-m\libg.a(lib_a-init.o)
 .debug_frame   0x00000c20       0x30 c:/dave-3.1.10/arm-gcc/bin/../lib/gcc/arm-none-eabi/4.7.4/../../../../arm-none-eabi/lib/armv7e-m\libg.a(lib_a-malloc.o)
 .debug_frame   0x00000c50       0x38 c:/dave-3.1.10/arm-gcc/bin/../lib/gcc/arm-none-eabi/4.7.4/../../../../arm-none-eabi/lib/armv7e-m\libg.a(lib_a-mallocr.o)
 .debug_frame   0x00000c88       0x30 c:/dave-3.1.10/arm-gcc/bin/../lib/gcc/arm-none-eabi/4.7.4/../../../../arm-none-eabi/lib/armv7e-m\libg.a(lib_a-memcpy.o)
 .debug_frame   0x00000cb8       0x30 c:/dave-3.1.10/arm-gcc/bin/../lib/gcc/arm-none-eabi/4.7.4/../../../../arm-none-eabi/lib/armv7e-m\libg.a(lib_a-mlock.o)
 .debug_frame   0x00000ce8       0x2c c:/dave-3.1.10/arm-gcc/bin/../lib/gcc/arm-none-eabi/4.7.4/../../../../arm-none-eabi/lib/armv7e-m\libg.a(lib_a-sbrkr.o)
 .debug_frame   0x00000d14       0x2c c:/dave-3.1.10/arm-gcc/bin/../lib/gcc/arm-none-eabi/4.7.4/../../../../arm-none-eabi/lib/armv7e-m\libg.a(lib_a-strchr.o)
 .debug_frame   0x00000d40       0x30 c:/dave-3.1.10/arm-gcc/bin/../lib/gcc/arm-none-eabi/4.7.4/../../../../arm-none-eabi/lib/armv7e-m\libg.a(lib_a-strcmp.o)
 .debug_frame   0x00000d70       0x20 c:/dave-3.1.10/arm-gcc/bin/../lib/gcc/arm-none-eabi/4.7.4/../../../../arm-none-eabi/lib/armv7e-m\libg.a(lib_a-strlen.o)
 .debug_frame   0x00000d90       0x88 c:/dave-3.1.10/arm-gcc/bin/../lib/gcc/arm-none-eabi/4.7.4/../../../../arm-none-eabi/lib/armv7e-m\libg.a(lib_a-strstr.o)
 .debug_frame   0x00000e18       0x50 c:/dave-3.1.10/arm-gcc/bin/../lib/gcc/arm-none-eabi/4.7.4/../../../../arm-none-eabi/lib/armv7e-m\libg.a(lib_a-freer.o)
 .debug_frame   0x00000e68       0x2c c:/dave-3.1.10/arm-gcc/bin/../lib/gcc/arm-none-eabi/4.7.4/../../../../arm-none-eabi/lib/armv7e-m\libg.a(lib_a-memchr.o)
 .debug_frame   0x00000e94       0x2c c:/dave-3.1.10/arm-gcc/bin/../lib/gcc/arm-none-eabi/4.7.4/../../../../arm-none-eabi/lib/armv7e-m\libg.a(lib_a-memcmp.o)
 .debug_frame   0x00000ec0       0x6c c:/dave-3.1.10/arm-gcc/bin/../lib/gcc/arm-none-eabi/4.7.4/../../../../arm-none-eabi/lib/armv7e-m\libg.a(lib_a-reent.o)

.debug_str      0x00000000    0x9816c
 *(.debug_str)
 .debug_str     0x00000000    0x94af6 BluetoothDriver.o
                              0x94fe8 (size before relaxing)
 .debug_str     0x00094af6       0x22 Main.o
                              0x944db (size before relaxing)
 .debug_str     0x00094b18       0x71 timerFunctions.o
                              0x92ee0 (size before relaxing)
 .debug_str     0x00094b89      0x62d Startup/system_XMC4500.o
                              0x90476 (size before relaxing)
 .debug_str     0x000951b6     0x1856 Lib/System_LibcStubs.o
                               0x5896 (size before relaxing)
 .debug_str     0x00096a0c      0x515 Dave/Generated/src/UART001/UART001.o
                              0x91574 (size before relaxing)
 .debug_str     0x00096f21       0x2d Dave/Generated/src/UART001/UART001_Conf.o
                              0x90dc0 (size before relaxing)
 .debug_str     0x00096f4e      0xbad Dave/Generated/src/SYSTM001/SYSTM001.o
                              0x93be8 (size before relaxing)
 .debug_str     0x00097afb      0x225 Dave/Generated/src/RESET001/RESET001.o
                              0x907d5 (size before relaxing)
 .debug_str     0x00097d20       0x28 Dave/Generated/src/LIBS/CCU8PWMLIB.o
                              0x92e2a (size before relaxing)
 .debug_str     0x00097d48       0x26 Dave/Generated/src/LIBS/MOTORLIB.o
                              0x92e28 (size before relaxing)
 .debug_str     0x00097d6e      0x156 Dave/Generated/src/IO004/IO004.o
                              0x9303d (size before relaxing)
 .debug_str     0x00097ec4       0x29 Dave/Generated/src/IO004/IO004_Conf.o
                              0x92f04 (size before relaxing)
 .debug_str     0x00097eed       0x68 Dave/Generated/src/DAVESupport/DAVE3.o
                              0x92ef8 (size before relaxing)
 .debug_str     0x00097f55       0x71 Dave/Generated/src/DAVESupport/MULTIPLEXER.o
                              0x92ff2 (size before relaxing)
 .debug_str     0x00097fc6      0x1a6 Dave/Generated/src/CLK001/CLK001.o
                              0x90a5e (size before relaxing)

.debug_loc      0x00000000     0x1422
 *(.debug_loc)
 .debug_loc     0x00000000      0x4b8 BluetoothDriver.o
 .debug_loc     0x000004b8       0x2c Main.o
 .debug_loc     0x000004e4       0x70 timerFunctions.o
 .debug_loc     0x00000554       0xa8 Startup/system_XMC4500.o
 .debug_loc     0x000005fc      0x388 Lib/System_LibcStubs.o
 .debug_loc     0x00000984      0x2e6 Dave/Generated/src/UART001/UART001.o
 .debug_loc     0x00000c6a      0x330 Dave/Generated/src/SYSTM001/SYSTM001.o
 .debug_loc     0x00000f9a      0x118 Dave/Generated/src/RESET001/RESET001.o
 .debug_loc     0x000010b2       0x9c Dave/Generated/src/IO004/IO004.o
 .debug_loc     0x0000114e       0x90 Dave/Generated/src/DAVESupport/DAVE3.o
 .debug_loc     0x000011de       0x64 Dave/Generated/src/DAVESupport/MULTIPLEXER.o
 .debug_loc     0x00001242      0x1e0 Dave/Generated/src/CLK001/CLK001.o

.debug_macinfo
 *(.debug_macinfo)

.debug_ranges   0x00000000      0x3a0
 *(.debug_ranges)
 .debug_ranges  0x00000000       0xd0 BluetoothDriver.o
 .debug_ranges  0x000000d0       0x10 Main.o
 .debug_ranges  0x000000e0       0x18 timerFunctions.o
 .debug_ranges  0x000000f8       0x30 Startup/startup_XMC4500.o
 .debug_ranges  0x00000128       0x20 Startup/system_XMC4500.o
 .debug_ranges  0x00000148       0x90 Lib/System_LibcStubs.o
 .debug_ranges  0x000001d8       0x70 Dave/Generated/src/UART001/UART001.o
 .debug_ranges  0x00000248       0x80 Dave/Generated/src/SYSTM001/SYSTM001.o
 .debug_ranges  0x000002c8       0x30 Dave/Generated/src/RESET001/RESET001.o
 .debug_ranges  0x000002f8       0x20 Dave/Generated/src/IO004/IO004.o
 .debug_ranges  0x00000318       0x20 Dave/Generated/src/DAVESupport/DAVE3.o
 .debug_ranges  0x00000338       0x18 Dave/Generated/src/DAVESupport/MULTIPLEXER.o
 .debug_ranges  0x00000350       0x50 Dave/Generated/src/CLK001/CLK001.o

.debug_weaknames
 *(.debug_weaknames)

.debug_funcnames
 *(.debug_funcnames)

.debug_typenames
 *(.debug_typenames)

.debug_varnames
 *(.debug_varnames)

.build_attributes
                0x00000000      0x669
 *(.ARM.attributes)
 .ARM.attributes
                0x00000000       0x39 BluetoothDriver.o
 .ARM.attributes
                0x00000039       0x39 Main.o
 .ARM.attributes
                0x00000072       0x39 timerFunctions.o
 .ARM.attributes
                0x000000ab       0x27 Startup/startup_XMC4500.o
 .ARM.attributes
                0x000000d2       0x39 Startup/system_XMC4500.o
 .ARM.attributes
                0x0000010b       0x39 Lib/System_LibcStubs.o
 .ARM.attributes
                0x00000144       0x39 Dave/Generated/src/UART001/UART001.o
 .ARM.attributes
                0x0000017d       0x39 Dave/Generated/src/UART001/UART001_Conf.o
 .ARM.attributes
                0x000001b6       0x39 Dave/Generated/src/SYSTM001/SYSTM001.o
 .ARM.attributes
                0x000001ef       0x39 Dave/Generated/src/RESET001/RESET001.o
 .ARM.attributes
                0x00000228       0x39 Dave/Generated/src/LIBS/CCU8PWMLIB.o
 .ARM.attributes
                0x00000261       0x39 Dave/Generated/src/LIBS/MOTORLIB.o
 .ARM.attributes
                0x0000029a       0x39 Dave/Generated/src/IO004/IO004.o
 .ARM.attributes
                0x000002d3       0x39 Dave/Generated/src/IO004/IO004_Conf.o
 .ARM.attributes
                0x0000030c       0x39 Dave/Generated/src/DAVESupport/DAVE3.o
 .ARM.attributes
                0x00000345       0x39 Dave/Generated/src/DAVESupport/MULTIPLEXER.o
 .ARM.attributes
                0x0000037e       0x39 Dave/Generated/src/CLK001/CLK001.o
 .ARM.attributes
                0x000003b7       0x2e c:/dave-3.1.10/arm-gcc/bin/../lib/gcc/arm-none-eabi/4.7.4/../../../../arm-none-eabi/lib/armv7e-m\libg.a(lib_a-init.o)
 .ARM.attributes
                0x000003e5       0x2e c:/dave-3.1.10/arm-gcc/bin/../lib/gcc/arm-none-eabi/4.7.4/../../../../arm-none-eabi/lib/armv7e-m\libg.a(lib_a-malloc.o)
 .ARM.attributes
                0x00000413       0x2e c:/dave-3.1.10/arm-gcc/bin/../lib/gcc/arm-none-eabi/4.7.4/../../../../arm-none-eabi/lib/armv7e-m\libg.a(lib_a-mallocr.o)
 .ARM.attributes
                0x00000441       0x2e c:/dave-3.1.10/arm-gcc/bin/../lib/gcc/arm-none-eabi/4.7.4/../../../../arm-none-eabi/lib/armv7e-m\libg.a(lib_a-memcpy.o)
 .ARM.attributes
                0x0000046f       0x2e c:/dave-3.1.10/arm-gcc/bin/../lib/gcc/arm-none-eabi/4.7.4/../../../../arm-none-eabi/lib/armv7e-m\libg.a(lib_a-mlock.o)
 .ARM.attributes
                0x0000049d       0x2e c:/dave-3.1.10/arm-gcc/bin/../lib/gcc/arm-none-eabi/4.7.4/../../../../arm-none-eabi/lib/armv7e-m\libg.a(lib_a-sbrkr.o)
 .ARM.attributes
                0x000004cb       0x2e c:/dave-3.1.10/arm-gcc/bin/../lib/gcc/arm-none-eabi/4.7.4/../../../../arm-none-eabi/lib/armv7e-m\libg.a(lib_a-strchr.o)
 .ARM.attributes
                0x000004f9       0x2e c:/dave-3.1.10/arm-gcc/bin/../lib/gcc/arm-none-eabi/4.7.4/../../../../arm-none-eabi/lib/armv7e-m\libg.a(lib_a-strcmp.o)
 .ARM.attributes
                0x00000527       0x2e c:/dave-3.1.10/arm-gcc/bin/../lib/gcc/arm-none-eabi/4.7.4/../../../../arm-none-eabi/lib/armv7e-m\libg.a(lib_a-strlen.o)
 .ARM.attributes
                0x00000555       0x2e c:/dave-3.1.10/arm-gcc/bin/../lib/gcc/arm-none-eabi/4.7.4/../../../../arm-none-eabi/lib/armv7e-m\libg.a(lib_a-strstr.o)
 .ARM.attributes
                0x00000583       0x2e c:/dave-3.1.10/arm-gcc/bin/../lib/gcc/arm-none-eabi/4.7.4/../../../../arm-none-eabi/lib/armv7e-m\libg.a(lib_a-freer.o)
 .ARM.attributes
                0x000005b1       0x2e c:/dave-3.1.10/arm-gcc/bin/../lib/gcc/arm-none-eabi/4.7.4/../../../../arm-none-eabi/lib/armv7e-m\libg.a(lib_a-impure.o)
 .ARM.attributes
                0x000005df       0x2e c:/dave-3.1.10/arm-gcc/bin/../lib/gcc/arm-none-eabi/4.7.4/../../../../arm-none-eabi/lib/armv7e-m\libg.a(lib_a-memchr.o)
 .ARM.attributes
                0x0000060d       0x2e c:/dave-3.1.10/arm-gcc/bin/../lib/gcc/arm-none-eabi/4.7.4/../../../../arm-none-eabi/lib/armv7e-m\libg.a(lib_a-memcmp.o)
 .ARM.attributes
                0x0000063b       0x2e c:/dave-3.1.10/arm-gcc/bin/../lib/gcc/arm-none-eabi/4.7.4/../../../../arm-none-eabi/lib/armv7e-m\libg.a(lib_a-reent.o)
OUTPUT(BachelorBluetooth.elf elf32-littlearm)

.debug_macro    0x00000000    0x19ca0
 .debug_macro   0x00000000      0x250 BluetoothDriver.o
 .debug_macro   0x00000250      0x814 BluetoothDriver.o
 .debug_macro   0x00000a64       0x2d BluetoothDriver.o
 .debug_macro   0x00000a91       0x3b BluetoothDriver.o
 .debug_macro   0x00000acc       0x3a BluetoothDriver.o
 .debug_macro   0x00000b06       0x10 BluetoothDriver.o
 .debug_macro   0x00000b16       0x2e BluetoothDriver.o
 .debug_macro   0x00000b44       0xa3 BluetoothDriver.o
 .debug_macro   0x00000be7      0x20e BluetoothDriver.o
 .debug_macro   0x00000df5       0x2d BluetoothDriver.o
 .debug_macro   0x00000e22       0x42 BluetoothDriver.o
 .debug_macro   0x00000e64      0xd39 BluetoothDriver.o
 .debug_macro   0x00001b9d       0x70 BluetoothDriver.o
 .debug_macro   0x00001c0d    0x150f5 BluetoothDriver.o
 .debug_macro   0x00016d02      0x16c BluetoothDriver.o
 .debug_macro   0x00016e6e       0x22 BluetoothDriver.o
 .debug_macro   0x00016e90      0x54a BluetoothDriver.o
 .debug_macro   0x000173da       0x64 BluetoothDriver.o
 .debug_macro   0x0001743e       0x46 BluetoothDriver.o
 .debug_macro   0x00017484      0x160 BluetoothDriver.o
 .debug_macro   0x000175e4       0x2d BluetoothDriver.o
 .debug_macro   0x00017611      0x130 BluetoothDriver.o
 .debug_macro   0x00017741       0x7f BluetoothDriver.o
 .debug_macro   0x000177c0       0xb4 BluetoothDriver.o
 .debug_macro   0x00017874       0xb6 BluetoothDriver.o
 .debug_macro   0x0001792a       0x2e BluetoothDriver.o
 .debug_macro   0x00017958       0x28 BluetoothDriver.o
 .debug_macro   0x00017980       0x10 BluetoothDriver.o
 .debug_macro   0x00017990       0x35 BluetoothDriver.o
 .debug_macro   0x000179c5       0x3a BluetoothDriver.o
 .debug_macro   0x000179ff       0x52 BluetoothDriver.o
 .debug_macro   0x00017a51       0x43 BluetoothDriver.o
 .debug_macro   0x00017a94      0x16d BluetoothDriver.o
 .debug_macro   0x00017c01       0x16 BluetoothDriver.o
 .debug_macro   0x00017c17       0x23 BluetoothDriver.o
 .debug_macro   0x00017c3a       0x10 BluetoothDriver.o
 .debug_macro   0x00017c4a       0x1c BluetoothDriver.o
 .debug_macro   0x00017c66      0x227 Main.o
 .debug_macro   0x00017e8d      0x1a1 timerFunctions.o
 .debug_macro   0x0001802e      0x17e Startup/system_XMC4500.o
 .debug_macro   0x000181ac       0x6a Startup/system_XMC4500.o
 .debug_macro   0x00018216      0x119 Lib/System_LibcStubs.o
 .debug_macro   0x0001832f       0x19 Lib/System_LibcStubs.o
 .debug_macro   0x00018348       0x10 Lib/System_LibcStubs.o
 .debug_macro   0x00018358       0x16 Lib/System_LibcStubs.o
 .debug_macro   0x0001836e       0x89 Lib/System_LibcStubs.o
 .debug_macro   0x000183f7       0x10 Lib/System_LibcStubs.o
 .debug_macro   0x00018407       0xf5 Lib/System_LibcStubs.o
 .debug_macro   0x000184fc       0x22 Lib/System_LibcStubs.o
 .debug_macro   0x0001851e       0x91 Lib/System_LibcStubs.o
 .debug_macro   0x000185af       0x34 Lib/System_LibcStubs.o
 .debug_macro   0x000185e3      0x120 Lib/System_LibcStubs.o
 .debug_macro   0x00018703       0x16 Lib/System_LibcStubs.o
 .debug_macro   0x00018719      0x495 Lib/System_LibcStubs.o
 .debug_macro   0x00018bae      0x170 Dave/Generated/src/UART001/UART001.o
 .debug_macro   0x00018d1e       0xb0 Dave/Generated/src/UART001/UART001.o
 .debug_macro   0x00018dce      0x100 Dave/Generated/src/UART001/UART001_Conf.o
 .debug_macro   0x00018ece      0x253 Dave/Generated/src/SYSTM001/SYSTM001.o
 .debug_macro   0x00019121       0xff Dave/Generated/src/RESET001/RESET001.o
 .debug_macro   0x00019220      0x19b Dave/Generated/src/LIBS/CCU8PWMLIB.o
 .debug_macro   0x000193bb      0x19b Dave/Generated/src/LIBS/MOTORLIB.o
 .debug_macro   0x00019556      0x197 Dave/Generated/src/IO004/IO004.o
 .debug_macro   0x000196ed      0x197 Dave/Generated/src/IO004/IO004_Conf.o
 .debug_macro   0x00019884      0x197 Dave/Generated/src/DAVESupport/DAVE3.o
 .debug_macro   0x00019a1b      0x197 Dave/Generated/src/DAVESupport/MULTIPLEXER.o
 .debug_macro   0x00019bb2       0xee Dave/Generated/src/CLK001/CLK001.o
